// Jest Snapshot v1, https://goo.gl/fbAQLP

exports[`should Footer component rendered correctly 1`] = `[Function]`;
